 gcc -g p2original.c
 ./a.out
Enter numbers:8
Enter numbers:7
Enter numbers:9
largest number =9
The largest number out of 8,7,9 is 9 
 gdb a.out
GNU gdb (Ubuntu 8.1.1-0ubuntu1) 8.1.1
Copyright (C) 2018 Free Software Foundation, Inc.
License GPLv3+: GNU GPL version 3 or later <http://gnu.org/licenses/gpl.html>
This is free software: you are free to change and redistribute it.
There is NO WARRANTY, to the extent permitted by law.  Type "show copying"
and "show warranty" for details.
This GDB was configured as "x86_64-linux-gnu".
Type "show configuration" for configuration details.
For bug reporting instructions, please see:
<http://www.gnu.org/software/gdb/bugs/>.
Find the GDB manual and other documentation resources online at:
<http://www.gnu.org/software/gdb/documentation/>.
For help, type "help".
Type "apropos word" to search for commands related to "word"...
Reading symbols from a.out...done.
(gdb) b main
Breakpoint 1 at 0x804: file p2original.c, line 34.
(gdb) r
Starting program: /home/runner/pps-IA1-practice/a.out 
warning: Error disabling address space randomization: Operation not permitted

Breakpoint 1, main () at p2original.c:34
34    int a = input();
(gdb) n
Enter numbers:8
35     int b = input();
(gdb) n
Enter numbers:7
36      int c = input(); 
(gdb) n
Enter numbers:9
38       int largestnumber = cmp(a,b,c);
(gdb) n
40       printf ("largest number =%d\n",largestnumber);
(gdb) n
largest number =9
42       output(a,b,c,largestnumber);
(gdb) n
44       return 0;
(gdb) n
45  } (gdb) n
__libc_start_main (main=0x55915e0007fc <main>, argc=1, 
    argv=0x7fffdda20878, init=<optimized out>, 
    fini=<optimized out>, rtld_fini=<optimized out>, 
    stack_end=0x7fffdda20868) at ../csu/libc-start.c:344
344 ../csu/libc-start.c: No such file or directory.
(gdb) q
A debugging session is active.

    Inferior 1 [process 403] will be killed.

Quit anyway? (y or n) y
 