 gcc -g p4original.c
 ./a.out
Enter a number
6
Enter the element no 0 of the array
6
Enter the element no 1 of the array
4
Enter the element no 2 of the array
6
Enter the element no 3 of the array
7
Enter the element no 4 of the array
8
Enter the element no 5 of the array
9
The sum of6 + 4 + 6 + 7 + 8 + 9 = 40
 gdb a.out
GNU gdb (Ubuntu 8.1.1-0ubuntu1) 8.1.1
Copyright (C) 2018 Free Software Foundation, Inc.
License GPLv3+: GNU GPL version 3 or later <http://gnu.org/licenses/gpl.html>
This is free software: you are free to change and redistribute it.
There is NO WARRANTY, to the extent permitted by law.  Type "show copying"
and "show warranty" for details.
This GDB was configured as "x86_64-linux-gnu".
Type "show configuration" for configuration details.
For bug reporting instructions, please see:
<http://www.gnu.org/software/gdb/bugs/>.
Find the GDB manual and other documentation resources online at:
<http://www.gnu.org/software/gdb/documentation/>.
For help, type "help".
Type "apropos word" to search for commands related to "word"...
Reading symbols from a.out...done.
(gdb) b main
Breakpoint 1 at 0x90c: file p4original.c, line 42.
(gdb) r
Starting program: /home/runner/pps-IA1-practice/a.out 
warning: Error disabling address space randomization: Operation not permitted

Breakpoint 1, main () at p4original.c:42
42  {
(gdb) n
44    n=input();
(gdb) n
Enter a number
3
45    int a[n];
(gdb) n
46    input_array(n,a);
(gdb) n
Enter the element no 0 of the array
3
Enter the element no 1 of the array
4
Enter the element no 2 of the array
2
47    sum=array_sum(n,a);
(gdb) n
The sum of3 + 4 + 2 = 9
48  }(gdb) n
__libc_start_main (main=0x55feb72008fb <main>, argc=1, argv=0x7ffc7d30b8d8, 
    init=<optimized out>, fini=<optimized out>, rtld_fini=<optimized out>, 
    stack_end=0x7ffc7d30b8c8) at ../csu/libc-start.c:344
344 ../csu/libc-start.c: No such file or directory.
(gdb) q
A debugging session is active.

    Inferior 1 [process 773] will be killed.

Quit anyway? (y or n) y
 