 gcc -g p6original.c
 ./a.out
enter the value of the first strings:run 
enter the value of the second strings:world
world
is greater than the word
run
 gdb a.out
GNU gdb (Ubuntu 8.1.1-0ubuntu1) 8.1.1
Copyright (C) 2018 Free Software Foundation, Inc.
License GPLv3+: GNU GPL version 3 or later <http://gnu.org/licenses/gpl.html>
This is free software: you are free to change and redistribute it.
There is NO WARRANTY, to the extent permitted by law.  Type "show copying"
and "show warranty" for details.
This GDB was configured as "x86_64-linux-gnu".
Type "show configuration" for configuration details.
For bug reporting instructions, please see:
<http://www.gnu.org/software/gdb/bugs/>.
Find the GDB manual and other documentation resources online at:
<http://www.gnu.org/software/gdb/documentation/>.
For help, type "help".
Type "apropos word" to search for commands related to "word"...
Reading symbols from a.out...done.
(gdb) b main
Breakpoint 1 at 0x8e0: file p6original.c, line 62.
(gdb) r
Starting program: /home/runner/pps-IA1-practice/a.out 
warning: Error disabling address space randomization: Operation not permitted

Breakpoint 1, main () at p6original.c:62
62  {
(gdb) n
66      input_two_string(farr,sarr);
(gdb) s
input_two_string (a=0x7fffbb45c6a0 "\b\307E\273\377\177", 
    b=0x7fffbb45c6c0 "@\253Ν4\177") at p6original.c:5
5       printf("enter the value of the first strings:");
(gdb) n
6       fgets(a,30,stdin);
(gdb) n
enter the value of the first strings:run 
7       printf("enter the value of the second strings:");
(gdb) n
8       fgets(b,30,stdin);
(gdb) n
enter the value of the second strings:world
9   }
(gdb) n
main () at p6original.c:67
67      r=compute(farr,sarr);
(gdb) s
compute (a=0x7fffbb45c6a0 "run \n", b=0x7fffbb45c6c0 "world\n")
    at p6original.c:13
13      int i=0;
(gdb) n
14      for(i=0;i<30;i++)
(gdb) n
16          int el=a[i];
(gdb) n
17          int sel=b[i];
(gdb) n
18          if(el>sel)
(gdb) n
23          else if(sel==el)
(gdb) n
29           return 0;
(gdb) n
48  }
(gdb) n
main () at p6original.c:68
68      output(farr,sarr,r);
(gdb) s
output (a=0x7fffbb45c6a0 "run \n", b=0x7fffbb45c6c0 "world\n", result=0)
    at p6original.c:51
51      if(result==1)
(gdb) n
55      else if(result==0)
(gdb) n
57          printf("%sis greater than the word\n%s",b,a);
(gdb) n
world
is greater than the word
run 
60  }
(gdb) n
main () at p6original.c:69
69    return 0;
(gdb) n
70  }(gdb) c
Continuing.
[Inferior 1 (process 1161) exited normally]
(gdb) q
 