 gcc -g p7original.c
 ./a.out
Enter the Real part: 3
Enter the Imaginary part: 4
Enter the Real part: 5
Enter the Imaginary part: 5

The first complex number = 3.0 + 4.0i
The second complex number = 5.0 + 5.0i

The sum of 3.0 + 4.0i and 5.0 + 5.0i = 
 8.0 + 9.0i
 gdb a.out
GNU gdb (Ubuntu 8.1.1-0ubuntu1) 8.1.1
Copyright (C) 2018 Free Software Foundation, Inc.
License GPLv3+: GNU GPL version 3 or later <http://gnu.org/licenses/gpl.html>
This is free software: you are free to change and redistribute it.
There is NO WARRANTY, to the extent permitted by law.  Type "show copying"
and "show warranty" for details.
This GDB was configured as "x86_64-linux-gnu".
Type "show configuration" for configuration details.
For bug reporting instructions, please see:
<http://www.gnu.org/software/gdb/bugs/>.
Find the GDB manual and other documentation resources online at:
<http://www.gnu.org/software/gdb/documentation/>.
For help, type "help".
Type "apropos word" to search for commands related to "word"...
Reading symbols from a.out...done.
(gdb) b main
Breakpoint 1 at 0x89c: file p7original.c, line 38.
(gdb) r
Starting program: /home/runner/pps-IA1-practice/a.out 
warning: Error disabling address space randomization: Operation not permitted

Breakpoint 1, main () at p7original.c:38
38      c1 = input();
(gdb) s
input () at p7original.c:11
11  {
(gdb) n
13      printf("Enter the Real part: ");
(gdb) n
14      scanf("%f", &c.real);
(gdb) n
Enter the Real part: 3
15      printf("Enter the Imaginary part: ");
(gdb) n
16      scanf("%f", &c.imaginary);
(gdb) n
Enter the Imaginary part: 4 
17      return c;
(gdb) n
18  }
(gdb) n
main () at p7original.c:39
39      c2 = input();
(gdb) s
input () at p7original.c:11
11  {
(gdb) n
13      printf("Enter the Real part: ");
(gdb) n
14      scanf("%f", &c.real);
(gdb) n
Enter the Real part: 5
15      printf("Enter the Imaginary part: ");
(gdb) n
16      scanf("%f", &c.imaginary);
(gdb) n
 gcc -g p7original.c
 ./a.out
Enter the Real part: 4
Enter the Imaginary part: 5
Enter the Real part: 3
Enter the Imaginary part: 5

The first complex number = 4.0 + 5.0i
The second complex number = 3.0 + 5.0i

The sum of 4.0 + 5.0i and 3.0 + 5.0i = 
 7.0 + 10.0i
 gdb a.out
GNU gdb (Ubuntu 8.1.1-0ubuntu1) 8.1.1
Copyright (C) 2018 Free Software Foundation, Inc.
License GPLv3+: GNU GPL version 3 or later <http://gnu.org/licenses/gpl.html>
This is free software: you are free to change and redistribute it.
There is NO WARRANTY, to the extent permitted by law.  Type "show copying"
and "show warranty" for details.
This GDB was configured as "x86_64-linux-gnu".
Type "show configuration" for configuration details.
For bug reporting instructions, please see:
<http://www.gnu.org/software/gdb/bugs/>.
Find the GDB manual and other documentation resources online at:
<http://www.gnu.org/software/gdb/documentation/>.
For help, type "help".
Type "apropos word" to search for commands related to "word"...
Reading symbols from a.out...done.
(gdb) b main
Breakpoint 1 at 0x89c: file p7original.c, line 38.
(gdb) r
Starting program: /home/runner/pps-IA1-practice/a.out 
warning: Error disabling address space randomization: Operation not permitted

Breakpoint 1, main () at p7original.c:38
38      c1 = input();
(gdb) s
input () at p7original.c:11
11  {
(gdb) n
13      printf("Enter the Real part: ");
(gdb) n
14      scanf("%f", &c.real);
(gdb) n
Enter the Real part: 4
15      printf("Enter the Imaginary part: ");
(gdb) n
16      scanf("%f", &c.imaginary);
(gdb) n
Enter the Imaginary part: 5
17      return c;
(gdb) n
18  }
(gdb) n
main () at p7original.c:39
39      c2 = input();
(gdb) s
input () at p7original.c:11
11  {
(gdb) n
13      printf("Enter the Real part: ");
(gdb) n
14      scanf("%f", &c.real);
(gdb) n
Enter the Real part: 3 
15      printf("Enter the Imaginary part: ");
(gdb) n
16      scanf("%f", &c.imaginary);
(gdb) n
Enter the Imaginary part: 5
17      return c;
(gdb) n
18  }
(gdb) n
main () at p7original.c:40
40      sum = add(c1, c2);
(gdb) s
add (a=..., b=...) at p7original.c:23
23      sum.real = a.real + b.real;
(gdb) n
24      sum.imaginary = a.imaginary + b.imaginary;
(gdb) n
25      return sum;
(gdb) n
26  }
(gdb) n
main () at p7original.c:41
41      output(c1, c2, sum);
(gdb) s
output (a=..., b=..., sum=...) at p7original.c:30
30      printf("\nThe first complex number = %0.1f + %0.1fi\n",a.real, a.imaginary);
(gdb) n

The first complex number = 4.0 + 5.0i
31      printf("The second complex number = %0.1f + %0.1fi\n",b.real, b.imaginary);
(gdb) n
The second complex number = 3.0 + 5.0i
32      printf("\nThe sum of %0.1f + %0.1fi and %0.1f + %0.1fi = \n %0.1f + %0.1fi\n", a.real, a.imaginary, b.real, b.imaginary, sum.real, sum.imaginary);
(gdb) n

The sum of 4.0 + 5.0i and 3.0 + 5.0i = 
 7.0 + 10.0i
33  }
(gdb) c
Continuing.
[Inferior 1 (process 178) exited normally]
(gdb) q
 